sh: ./../coding-challenge: No such file or directory
