yylineno=1 token=IMPORT yytext=import strlen(yytext)=6
yylineno=1 token=WHITESPACES yytext=  strlen(yytext)=1
yylineno=1 token=PATH yytext=./file strlen(yytext)=6
RULE: importStatement: IMPORT PATH
RULE: statement: importStatement
yylineno=1 token=EOS yytext=; strlen(yytext)=1
RULE: statement: statement EOS
yylineno=1 token=EOF yytext= strlen(yytext)=0
RULE: program: statement
