invalid character
syntax error, unexpected $end, expecting PATH
yylineno=1 token=IMPORT yytext=import strlen(yytext)=6
yylineno=1 invalid character yytext=t strlen(yytext)=1
yylineno=1 token=EOF yytext= strlen(yytext)=0
